// Jest Snapshot v1, https://goo.gl/fbAQLP

exports[`<ChangeDeliveryAddress /> check how renders should render everything correctly 1`] = `
<DocumentFragment>
  .c0 {
  -webkit-align-self: flex-start;
  -ms-flex-item-align: start;
  align-self: flex-start;
  justify-self: center;
  max-width: 100%;
  text-align: left;
  width: 65rem;
}

.c13 {
  box-shadow: 0 0 3px rgba(0,0,0,0.03);
  border-radius: 1px;
  cursor: pointer;
  font-weight: 700;
  line-height: 1.2;
  -webkit-letter-spacing: 2px;
  -moz-letter-spacing: 2px;
  -ms-letter-spacing: 2px;
  letter-spacing: 2px;
  outline: none;
  position: relative;
  text-align: center;
  text-transform: uppercase;
  -webkit-transition: all 0.1s;
  transition: all 0.1s;
  font-size: 1.4rem;
  padding: 0.8rem 1.2rem;
  background-color: transparent;
  border: 2px solid #1E8BC3;
  color: #1E8BC3;
}

.c13:hover {
  border-color: #22A7F0;
  color: #22A7F0;
}

.c14 {
  box-shadow: 0 0 3px rgba(0,0,0,0.03);
  border-radius: 1px;
  cursor: pointer;
  font-weight: 700;
  line-height: 1.2;
  -webkit-letter-spacing: 2px;
  -moz-letter-spacing: 2px;
  -ms-letter-spacing: 2px;
  letter-spacing: 2px;
  outline: none;
  position: relative;
  text-align: center;
  text-transform: uppercase;
  -webkit-transition: all 0.1s;
  transition: all 0.1s;
  font-size: 1.4rem;
  padding: 0.8rem 1.2rem;
  background-color: #1E8BC3;
  border: 2px solid #1E8BC3;
  color: #fff;
  background-color: #67809F;
  border-color: #67809F;
  color: #FAFAFA;
  cursor: not-allowed;
}

.c14:hover {
  background-color: #22A7F0;
  border-color: #22A7F0;
}

.c14:hover {
  background-color: #67809F;
  border-color: #67809F;
  color: #FAFAFA;
}

.c12 {
  display: block;
  font-style: normal;
  font-weight: normal;
  -webkit-letter-spacing: 0px;
  -moz-letter-spacing: 0px;
  -ms-letter-spacing: 0px;
  letter-spacing: 0px;
  margin-bottom: 0;
  margin-left: 0;
  margin-right: 2.4rem;
  overflow: visible;
  text-overflow: clip;
  white-space: normal;
}

.c11 {
  display: -webkit-box;
  display: -webkit-flex;
  display: -ms-flexbox;
  display: flex;
  -webkit-flex-direction: row;
  -ms-flex-direction: row;
  flex-direction: row;
  -webkit-flex-wrap: nowrap;
  -ms-flex-wrap: nowrap;
  flex-wrap: nowrap;
  -webkit-box-pack: end;
  -webkit-justify-content: flex-end;
  -ms-flex-pack: end;
  justify-content: flex-end;
  margin-top: 0;
  margin-right: 0;
  margin-bottom: 0;
  margin-left: 0;
  width: 100%;
  -webkit-box-pack: end;
  -webkit-justify-content: flex-end;
  -ms-flex-pack: end;
  justify-content: flex-end;
  -webkit-align-items: center;
  -webkit-box-align: center;
  -ms-flex-align: center;
  align-items: center;
}

.c11 > *:not(:last-child) {
  margin-right: 2.4rem;
}

.c1 {
  font-size: 2.4rem;
  font-family: Noto Sans,sans-serif;
  line-height: 1;
  margin-bottom: 2.4rem;
  margin-top: 0;
  text-align: left;
}

.c3 {
  display: -webkit-box;
  display: -webkit-flex;
  display: -ms-flexbox;
  display: flex;
  -webkit-flex-direction: column;
  -ms-flex-direction: column;
  flex-direction: column;
  margin-bottom: 2.4rem;
}

.c3 .select {
  font-size: 1.4rem;
}

.c3 .textarea {
  border: none;
  border-bottom: 3px solid rgba(0,0,0,0.1);
  outline: none;
  font-size: 1.4rem;
  font-family: inherit;
  padding: 0 0 0.8rem 0;
  -webkit-transition: border-bottom 0.1s;
  transition: border-bottom 0.1s;
  resize: none;
}

.c3 .textarea::-webkit-input-placeholder {
  color: #BFBFBF;
}

.c3 .textarea:focus {
  border-bottom: 3px solid rgba(0,0,0,0.35);
}

.c3.valid .textarea {
  border-bottom: 3px solid #009680;
}

.c3.invalid .textarea {
  border-bottom: 3px solid #F22613;
}

.c10 {
  display: -webkit-box;
  display: -webkit-flex;
  display: -ms-flexbox;
  display: flex;
  -webkit-flex-direction: column;
  -ms-flex-direction: column;
  flex-direction: column;
  margin-bottom: 2.4rem;
  -webkit-align-items: center;
  -webkit-box-align: center;
  -ms-flex-align: center;
  align-items: center;
  -webkit-flex-direction: row;
  -ms-flex-direction: row;
  flex-direction: row;
}

.c10 > label {
  cursor: pointer;
  display: inline-block;
  font-size: 1.4rem;
  line-height: 1.5;
  -webkit-order: 1;
  -ms-flex-order: 1;
  order: 1;
  padding: 0 0 0 calc(2.4rem + 0.8rem);
  position: relative;
}

.c10 > label::before {
  border: 2px solid #1E8BC3;
  border-radius: 1px;
  content: '';
  height: 2.4rem;
  left: 0;
  position: absolute;
  top: 50%;
  -webkit-transform: translateY(-50%);
  -ms-transform: translateY(-50%);
  transform: translateY(-50%);
  width: 2.4rem;
}

.c10 > label::after {
  color: #1E8BC3;
  content: '✗';
  font-size: 1.7rem;
  font-weight: 700;
  opacity: 0;
  left: 1.2rem;
  position: absolute;
  top: 50%;
  -webkit-transform: translate(-50%,-50%);
  -ms-transform: translate(-50%,-50%);
  transform: translate(-50%,-50%);
  -webkit-transition: opacity 0.1s;
  transition: opacity 0.1s;
}

.c10 > input {
  height: 0;
  opacity: 0;
  margin: 0;
  width: 0;
}

.c10 .select {
  font-size: 1.4rem;
}

.c10 .textarea {
  border: none;
  border-bottom: 3px solid rgba(0,0,0,0.1);
  outline: none;
  font-size: 1.4rem;
  font-family: inherit;
  padding: 0 0 0.8rem 0;
  -webkit-transition: border-bottom 0.1s;
  transition: border-bottom 0.1s;
  resize: none;
}

.c10 .textarea::-webkit-input-placeholder {
  color: #BFBFBF;
}

.c10 .textarea:focus {
  border-bottom: 3px solid rgba(0,0,0,0.35);
}

.c10.valid .textarea {
  border-bottom: 3px solid #009680;
}

.c10.invalid .textarea {
  border-bottom: 3px solid #F22613;
}

.c7 {
  border: none;
  border-bottom: 3px solid rgba(0,0,0,0.1);
  color: #000;
  font-size: 1.3rem;
  font-family: inherit;
  outline: none;
  padding: 0 0 0.8rem 0;
  -webkit-transition: border-bottom 0.1s;
  transition: border-bottom 0.1s;
  width: 100%;
}

.c7::-webkit-input-placeholder {
  color: #BFBFBF;
}

.c7:focus {
  border-bottom: 3px solid rgba(0,0,0,0.35);
}

.c2.valid .c6 {
  border-bottom: 3px solid #009680;
}

.c2.invalid .c6 {
  border-bottom: 3px solid #F22613;
}

.c5 {
  font-size: 1.5rem;
  padding-bottom: 0.8rem;
  -webkit-transition: color 0.1s;
  transition: color 0.1s;
}

.c2.valid .c4 {
  color: #009680;
}

.c2.invalid .c4 {
  color: #F22613;
}

.c8 {
  -webkit-align-items: start;
  -webkit-box-align: start;
  -ms-flex-align: start;
  align-items: start;
  display: -webkit-box;
  display: -webkit-flex;
  display: -ms-flexbox;
  display: flex;
  width: 100%;
}

.c8 > *:first-child {
  -webkit-flex: 1;
  -ms-flex: 1;
  flex: 1;
  margin-right: 2.4rem;
}

.c8 > *:last-child {
  -webkit-flex: 3;
  -ms-flex: 3;
  flex: 3;
}

.c9 {
  -webkit-align-items: start;
  -webkit-box-align: start;
  -ms-flex-align: start;
  align-items: start;
  display: -webkit-box;
  display: -webkit-flex;
  display: -ms-flexbox;
  display: flex;
  width: 100%;
}

.c9 > *:first-child {
  -webkit-flex: 1;
  -ms-flex: 1;
  flex: 1;
  margin-right: 2.4rem;
}

.c9 > *:last-child {
  -webkit-flex: 1;
  -ms-flex: 1;
  flex: 1;
}

<div
    class="c0"
  >
    <h3
      class="c1"
      font-size=""
    >
      Change your delivery address
    </h3>
    <form
      action="#"
      class="formik-form"
    >
      <div
        class="c2 c3"
        type="text"
      >
        <label
          class="c4 c5"
          for="firstName"
        >
          First name
        </label>
        <input
          autocomplete="given-name"
          class="c6 c7"
          data-testid="ChangeDeliveryAddress-firstName"
          id="firstName"
          name="firstName"
          placeholder="Your first name"
          type="text"
          value="Krzysztof"
        />
      </div>
      <div
        class="c2 c3"
        type="text"
      >
        <label
          class="c4 c5"
          for="lastName"
        >
          Last name
        </label>
        <input
          autocomplete="family-name"
          class="c6 c7"
          data-testid="ChangeDeliveryAddress-lastName"
          id="lastName"
          name="lastName"
          placeholder="Your last name"
          type="text"
          value="Kononowicz"
        />
      </div>
      <div
        class="c2 c3"
        type="text"
      >
        <label
          class="c4 c5"
          for="street"
        >
          Street and number
        </label>
        <input
          autocomplete="street-address"
          class="c6 c7"
          data-testid="ChangeDeliveryAddress-street"
          id="street"
          name="street"
          placeholder="Your street and number"
          type="text"
          value="Szkolna 17"
        />
      </div>
      <div
        class="c8"
      >
        <div
          class="c2 c3"
          type="text"
        >
          <label
            class="c4 c5"
            for="zipCode"
          >
            Zip code
          </label>
          <input
            autocomplete="postal-code"
            class="c6 c7"
            data-testid="ChangeDeliveryAddress-zipCode"
            id="zipCode"
            name="zipCode"
            placeholder="Your zip code"
            type="text"
            value="15-950"
          />
        </div>
        <div
          class="c2 c3"
          type="text"
        >
          <label
            class="c4 c5"
            for="city"
          >
            City
          </label>
          <input
            autocomplete="address-level2"
            class="c6 c7"
            data-testid="ChangeDeliveryAddress-city"
            id="city"
            name="city"
            placeholder="Your city"
            type="text"
            value="Białystok"
          />
        </div>
      </div>
      <div
        class="c2 c3"
      >
        <label
          class="c4 c5"
          for="country"
        >
          Country
        </label>
        <div
          class="select css-2b097c-container"
          id="country"
        >
          <span
            aria-atomic="false"
            aria-live="polite"
            aria-relevant="additions text"
            class="css-1f43avz-a11yText-A11yText"
          />
          <div
            class=" css-yk16xz-control"
          >
            <div
              class=" css-g1d714-ValueContainer"
            >
              <div
                class=" css-1uccc91-singleValue"
              >
                Poland
              </div>
              <div
                class="css-b8ldur-Input"
              >
                <div
                  class=""
                  style="display: inline-block;"
                >
                  <input
                    aria-autocomplete="list"
                    autocapitalize="none"
                    autocomplete="off"
                    autocorrect="off"
                    id="react-select-2-input"
                    spellcheck="false"
                    style="box-sizing: content-box; width: 2px; border: 0px; opacity: 1; outline: 0; padding: 0px;"
                    tabindex="0"
                    type="text"
                    value=""
                  />
                  <div
                    style="position: absolute; top: 0px; left: 0px; visibility: hidden; height: 0px; overflow: scroll; white-space: pre; font-family: -webkit-small-control; letter-spacing: normal; text-transform: none;"
                  />
                </div>
              </div>
            </div>
            <div
              class=" css-1hb7zxy-IndicatorsContainer"
            >
              <span
                class=" css-1okebmr-indicatorSeparator"
              />
              <div
                aria-hidden="true"
                class=" css-tlfecz-indicatorContainer"
              >
                <svg
                  aria-hidden="true"
                  class="css-tj5bde-Svg"
                  focusable="false"
                  height="20"
                  viewBox="0 0 20 20"
                  width="20"
                >
                  <path
                    d="M4.516 7.548c0.436-0.446 1.043-0.481 1.576 0l3.908 3.747 3.908-3.747c0.533-0.481 1.141-0.446 1.574 0 0.436 0.445 0.408 1.197 0 1.615-0.406 0.418-4.695 4.502-4.695 4.502-0.217 0.223-0.502 0.335-0.787 0.335s-0.57-0.112-0.789-0.335c0 0-4.287-4.084-4.695-4.502s-0.436-1.17 0-1.615z"
                  />
                </svg>
              </div>
            </div>
          </div>
          <input
            name="country"
            type="hidden"
            value="Poland"
          />
        </div>
      </div>
      <div
        class="c9"
      >
        <div
          class="c2 c3"
        >
          <label
            class="c4 c5"
            for="phonePrefix"
          >
            Phone number prefix
          </label>
          <div
            class="select css-2b097c-container"
            id="phonePrefix"
          >
            <span
              aria-atomic="false"
              aria-live="polite"
              aria-relevant="additions text"
              class="css-1f43avz-a11yText-A11yText"
            />
            <div
              class=" css-yk16xz-control"
            >
              <div
                class=" css-g1d714-ValueContainer"
              >
                <div
                  class=" css-1uccc91-singleValue"
                >
                  +48 Poland
                </div>
                <div
                  class="css-b8ldur-Input"
                >
                  <div
                    class=""
                    style="display: inline-block;"
                  >
                    <input
                      aria-autocomplete="list"
                      autocapitalize="none"
                      autocomplete="off"
                      autocorrect="off"
                      id="react-select-3-input"
                      spellcheck="false"
                      style="box-sizing: content-box; width: 2px; border: 0px; opacity: 1; outline: 0; padding: 0px;"
                      tabindex="0"
                      type="text"
                      value=""
                    />
                    <div
                      style="position: absolute; top: 0px; left: 0px; visibility: hidden; height: 0px; overflow: scroll; white-space: pre; font-family: -webkit-small-control; letter-spacing: normal; text-transform: none;"
                    />
                  </div>
                </div>
              </div>
              <div
                class=" css-1hb7zxy-IndicatorsContainer"
              >
                <span
                  class=" css-1okebmr-indicatorSeparator"
                />
                <div
                  aria-hidden="true"
                  class=" css-tlfecz-indicatorContainer"
                >
                  <svg
                    aria-hidden="true"
                    class="css-tj5bde-Svg"
                    focusable="false"
                    height="20"
                    viewBox="0 0 20 20"
                    width="20"
                  >
                    <path
                      d="M4.516 7.548c0.436-0.446 1.043-0.481 1.576 0l3.908 3.747 3.908-3.747c0.533-0.481 1.141-0.446 1.574 0 0.436 0.445 0.408 1.197 0 1.615-0.406 0.418-4.695 4.502-4.695 4.502-0.217 0.223-0.502 0.335-0.787 0.335s-0.57-0.112-0.789-0.335c0 0-4.287-4.084-4.695-4.502s-0.436-1.17 0-1.615z"
                    />
                  </svg>
                </div>
              </div>
            </div>
            <input
              name="phonePrefix"
              type="hidden"
              value="48"
            />
          </div>
        </div>
        <div
          class="c2 c3"
          type="text"
        >
          <label
            class="c4 c5"
            for="phoneNumber"
          >
            Phone number
          </label>
          <input
            autocomplete="tel-national"
            class="c6 c7"
            data-testid="ChangeDeliveryAddress-phoneNumber"
            id="phoneNumber"
            name="phoneNumber"
            placeholder="Your phone number"
            type="text"
            value="123456789"
          />
        </div>
      </div>
      <div
        class="c2 c10"
        type="checkbox"
      >
        <label
          class="c4 c5"
          for="onlyCurrentOrders"
        >
          Apply changes only to these orders
        </label>
        <input
          class="c6 c7"
          data-testid="ChangeDeliveryAddress-only-current-orders"
          id="onlyCurrentOrders"
          name="onlyCurrentOrders"
          type="checkbox"
          value="false"
        />
      </div>
      <div
        class="c11"
        direction="row"
        spacing="3"
        width="100%"
        wrap="nowrap"
      >
        <span
          class="c12"
          color=""
          display="block"
          overflow="visible"
          spacing="0px"
          transform=""
        >
          <button
            class="c13"
            color="blue"
            type="button"
          >
            cancel
          </button>
        </span>
        <button
          class="c14"
          color="blue"
          data-testid="Form-submit-btn"
          disabled=""
          type="submit"
        >
          change
        </button>
      </div>
    </form>
  </div>
</DocumentFragment>
`;
