// Jest Snapshot v1, https://goo.gl/fbAQLP

exports[`<Dropdown /> check how renders should NOT render anything 1`] = `
<DocumentFragment>
  <div />
</DocumentFragment>
`;

exports[`<Dropdown /> check how renders should render everything correctly 1`] = `
<DocumentFragment>
  .c0 {
  background-color: #FAFAFA;
  border: 1px solid #BFBFBF;
  border-radius: 1px;
  overflow: hidden;
  position: absolute;
  top: calc(100% + 1.2rem);
  -webkit-transition: all 0.2;
  transition: all 0.2;
  right: 0;
  width: 25rem;
  z-index: 100;
}

.c0 .list {
  list-style: none;
}

.c0 .item:not(:last-child) {
  border-bottom: 1px solid #DADFE1;
}

.c0 .link,
.c0 .link:link,
.c0 .link:visited {
  -webkit-align-items: center;
  -webkit-box-align: center;
  -ms-flex-align: center;
  align-items: center;
  color: #000;
  display: -webkit-box;
  display: -webkit-flex;
  display: -ms-flexbox;
  display: flex;
  font-size: 1.4rem;
  -webkit-box-pack: center;
  -webkit-justify-content: center;
  -ms-flex-pack: center;
  justify-content: center;
  padding: calc(1.5 * 1.2rem);
  text-align: center;
  -webkit-text-decoration: none;
  text-decoration: none;
  -webkit-transition: color 0.1s;
  transition: color 0.1s;
  width: 100%;
}

.c0 .link:hover,
.c0 .link:link:hover,
.c0 .link:visited:hover {
  color: #06AD96;
}

.c0 .link > *:not(:first-child),
.c0 .link:link > *:not(:first-child),
.c0 .link:visited > *:not(:first-child) {
  margin-left: 0.8rem;
}

.c1 {
  -webkit-align-items: center;
  -webkit-box-align: center;
  -ms-flex-align: center;
  align-items: center;
  display: -webkit-box;
  display: -webkit-flex;
  display: -ms-flexbox;
  display: flex;
  -webkit-box-pack: center;
  -webkit-justify-content: center;
  -ms-flex-pack: center;
  justify-content: center;
}

.c1 > svg {
  -webkit-transform: rotate(0deg);
  -ms-transform: rotate(0deg);
  transform: rotate(0deg);
  -webkit-transition: -webkit-transform 0.2s;
  -webkit-transition: transform 0.2s;
  transition: transform 0.2s;
  fill: #777;
  width: 1.7rem;
  height: 1.7rem;
}

@media only screen and (max-width:37.5em) {
  .c0 .link:link,
  .c0 .link:visited {
    font-size: 1.5rem;
  }
}

<div>
    <div
      class="c0"
      data-testid="Dropdown"
      style="opacity: 0; pointer-events: none; transform: none;"
    >
      <ul
        class="list"
      >
        <li
          class="item"
        >
          <div
            class="link"
            role="button"
            tabindex="0"
          >
            <div
              class="c1"
              color=""
            >
              <svg>
                add-product.svg
              </svg>
            </div>
            <span>
              Add product
            </span>
          </div>
        </li>
        <li
          class="item"
        >
          <a
            class="link"
          >
            <div
              class="c1"
              color=""
            >
              <svg>
                my-account.svg
              </svg>
            </div>
            <span>
              My account
            </span>
          </a>
        </li>
        <li
          class="item"
        >
          <a
            class="link"
          >
            <div
              class="c1"
              color=""
            >
              <svg>
                my-offers.svg
              </svg>
            </div>
            <span>
              My offers
            </span>
          </a>
        </li>
        <li
          class="item"
        >
          <a
            class="link"
          >
            <div
              class="c1"
              color=""
            >
              <svg>
                sell-history.svg
              </svg>
            </div>
            <span>
              My sell history
            </span>
          </a>
        </li>
        <li
          class="item"
        >
          <a
            class="link"
          >
            <div
              class="c1"
              color=""
            >
              <svg>
                placed-orders.svg
              </svg>
            </div>
            <span>
              Placed orders
            </span>
          </a>
        </li>
        <li
          class="item"
        >
          <a
            class="link"
            data-testid="Dropdown-logout-link"
          >
            <div
              class="c1"
              color=""
            >
              <svg>
                log-out.svg
              </svg>
            </div>
            <span>
              Log out
            </span>
          </a>
        </li>
      </ul>
    </div>
  </div>
</DocumentFragment>
`;
