// Jest Snapshot v1, https://goo.gl/fbAQLP

exports[`<ChangeName /> Check how renders should render everything correctly 1`] = `
<DocumentFragment>
  <div
    class="sc-bdfBwQ hYjfqi"
  >
    <h3
      class="sc-iBPRYJ kqmSLn"
    >
      Change your name
    </h3>
    <form
      action="#"
      class="formik-form"
    >
      <div
        class="sc-fubCfw drZTsR"
        type="text"
      >
        <label
          class="sc-jrAGrp bkXExJ"
          for="firstName"
        >
          First name
        </label>
        <input
          autocomplete="given-name"
          class="sc-pFZIQ fjonmB"
          data-testid="ChangeName-first-name"
          id="firstName"
          name="firstName"
          placeholder="Your first name"
          type="text"
          value="oldFirstName"
        />
      </div>
      <div
        class="sc-fubCfw drZTsR"
        type="text"
      >
        <label
          class="sc-jrAGrp bkXExJ"
          for="lastName"
        >
          Last name
        </label>
        <input
          autocomplete="family-name"
          class="sc-pFZIQ fjonmB"
          data-testid="ChangeName-last-name"
          id="lastName"
          name="lastName"
          placeholder="Your last name"
          type="text"
          value="oldLastName"
        />
      </div>
      <div
        class="sc-gKsewC dLOeOj"
        direction="row"
        spacing="3"
        width="100%"
        wrap="nowrap"
      >
        <span
          class="sc-eCssSg gABWUT"
          color=""
          display="block"
          overflow="visible"
          spacing="0px"
          transform=""
        >
          <button
            class="sc-gsTCUz cpcmUx"
            color="blue"
            type="button"
          >
            cancel
          </button>
        </span>
        <button
          class="sc-gsTCUz kaTXms"
          color="blue"
          data-testid="Form-submit-btn"
          disabled=""
          type="submit"
        >
          change
        </button>
      </div>
    </form>
  </div>
</DocumentFragment>
`;
