// Jest Snapshot v1, https://goo.gl/fbAQLP

exports[`<TransactionAndOrderProdItem /> Checks how renders and behaviour should render everything correctly 1`] = `
<DocumentFragment>
  <div
    class="sc-bdfBwQ ZqsAz sc-gsTCUz inazTm"
    data-testid="TransactionAndOrderProdItem"
    direction="row"
    spacing="2"
    width="100%"
    wrap="nowrap"
  >
    <a
      data-testid="TransactionAndOrderProdItem-product-link-photo"
    >
      <div
        class="sc-bdfBwQ igmTYO sc-eCssSg eawKUo"
        data-testid="ProductThumbnail"
        direction="row"
        height="5"
        spacing=""
        width="5"
        wrap="nowrap"
      >
        <img
          alt="productName"
          data-testid="ProductThumbnail-img"
          src="http://192.168.1.109:4000/products/p1/photo"
        />
      </div>
    </a>
    <div
      class="sc-dlfnbm cjrVjg"
    >
      <span
        class="name"
      >
        <a
          data-testid="TransactionAndOrderProdItem-product-link-name"
        >
          productName
        </a>
      </span>
      <div
        class="sc-bdfBwQ lgjdug sc-hKgILt huHHva"
        direction="row"
        spacing=""
        width="100%"
        wrap="nowrap"
      >
        <span
          class="sc-jSgupP jUhfHv"
          color="#777"
          display="inline-block"
          overflow="visible"
          size="2"
          spacing="0px"
          transform=""
        >
          2 x $9.90
        </span>
        <span
          class="sc-jSgupP jiAuFg"
          color=""
          display="inline-block"
          overflow="visible"
          size="4"
          spacing="0px"
          transform=""
        >
          $19.80
        </span>
      </div>
    </div>
  </div>
</DocumentFragment>
`;
