// Jest Snapshot v1, https://goo.gl/fbAQLP

exports[`<OtherUser /> check how renders snapshots should render <Loader /> if other user is undefined 1`] = `
<DocumentFragment>
  <div
    class="sc-gsTCUz hXYaBQ"
    data-testid="LoaderWrapper"
  >
    <div
      class="sc-dlfnbm hmovIr"
      data-testid="Loader"
    >
      <div />
      <div />
      <div />
      <div />
    </div>
  </div>
</DocumentFragment>
`;

exports[`<OtherUser /> check how renders snapshots should render everything correctly 1`] = `
<DocumentFragment>
  <h3
    class="sc-bdfBwQ hSpIvR"
  >
    user1
  </h3>
  <div
    class="sc-hBEYos faZPQr"
    direction="row"
    spacing="3"
    width="100%"
    wrap="wrap"
  >
    <span
      class="sc-hKgILt dKfWou"
      color=""
      data-testid="OtherUser-email-wrapper"
      display="inline-block"
      overflow="visible"
      size="4"
      spacing="0px"
      transform=""
    >
      <span
        class="sc-hKgILt kThUsy"
        color=""
        display="inline-block"
        overflow="visible"
        spacing="0px"
        transform=""
      >
        Email: 
      </span>
      test@email.com
    </span>
    <span
      class="sc-hKgILt dKfWou"
      color=""
      data-testid="OtherUser-phone-wrapper"
      display="inline-block"
      overflow="visible"
      size="4"
      spacing="0px"
      transform=""
    >
      <span
        class="sc-hKgILt kThUsy"
        color=""
        display="inline-block"
        overflow="visible"
        spacing="0px"
        transform=""
      >
        Phone number: 
      </span>
      123
    </span>
  </div>
  <div
    class="sc-eCssSg covMuV"
  >
    <div
      class="sc-gKsewC jeimXn"
      data-testid="Filters-toggler"
    >
      <div
        class="sc-kstrdz dfYKpJ"
        color=""
      >
        <svg>
          filters.svg
        </svg>
      </div>
      <span
        class="label"
      >
        Filters
      </span>
      <div
        class="sc-kstrdz esXNNz"
        color=""
      >
        <svg>
          arrow.svg
        </svg>
      </div>
    </div>
    <div
      class="sc-bkzZxe fwDVgA"
      data-testid="ProductList"
    >
      <a
        data-testid="ProductItem"
        href="#/product/p1"
      >
        <div
          class="sc-hBEYos jltyQI sc-fodVxV iia-DsQ"
          direction="row"
          spacing="3"
          width="100%"
          wrap="nowrap"
        >
          <div
            class="sc-hBEYos ezBczf sc-fFubgz kUYmUr"
            data-testid="ProductThumbnail"
            direction="row"
            height="15"
            spacing=""
            width="13"
            wrap="nowrap"
          >
            <img
              alt="product1"
              data-testid="ProductThumbnail-img"
              src="no-photo.png"
            />
          </div>
          <div
            class="sc-hBEYos fRCKMd"
            direction="column"
            spacing=""
            width="100%"
            wrap="nowrap"
          >
            <span
              class="sc-hKgILt fttxOE"
              color=""
              display="inline-block"
              overflow="visible"
              size="3"
              spacing="0px"
              transform=""
            >
              product1
            </span>
            <span
              class="sc-hKgILt ndpqq"
              color=""
              data-testid="ProductItem-condition"
              display="inline-block"
              overflow="visible"
              size="1"
              spacing="0px"
              transform=""
            >
              <span
                class="sc-hKgILt dCmyJW"
                color="#777"
                display="inline-block"
                overflow="visible"
                spacing="0px"
                transform=""
              >
                Condition:
              </span>
               New
            </span>
            <span
              class="sc-hKgILt iNTSPv"
              color=""
              data-testid="ProductItem-price"
              display="inline-block"
              overflow="visible"
              size="5"
              spacing="0px"
              transform=""
            >
              $10.60
            </span>
          </div>
        </div>
      </a>
      <a
        data-testid="ProductItem"
        href="#/product/p2"
      >
        <div
          class="sc-hBEYos jltyQI sc-fodVxV iia-DsQ"
          direction="row"
          spacing="3"
          width="100%"
          wrap="nowrap"
        >
          <div
            class="sc-hBEYos ezBczf sc-fFubgz kUYmUr"
            data-testid="ProductThumbnail"
            direction="row"
            height="15"
            spacing=""
            width="13"
            wrap="nowrap"
          >
            <img
              alt="product2"
              data-testid="ProductThumbnail-img"
              src="no-photo.png"
            />
          </div>
          <div
            class="sc-hBEYos fRCKMd"
            direction="column"
            spacing=""
            width="100%"
            wrap="nowrap"
          >
            <span
              class="sc-hKgILt fttxOE"
              color=""
              display="inline-block"
              overflow="visible"
              size="3"
              spacing="0px"
              transform=""
            >
              product2
            </span>
            <span
              class="sc-hKgILt ndpqq"
              color=""
              data-testid="ProductItem-condition"
              display="inline-block"
              overflow="visible"
              size="1"
              spacing="0px"
              transform=""
            >
              <span
                class="sc-hKgILt dCmyJW"
                color="#777"
                display="inline-block"
                overflow="visible"
                spacing="0px"
                transform=""
              >
                Condition:
              </span>
               New
            </span>
            <span
              class="sc-hKgILt iNTSPv"
              color=""
              data-testid="ProductItem-price"
              display="inline-block"
              overflow="visible"
              size="5"
              spacing="0px"
              transform=""
            >
              $299.98
            </span>
          </div>
        </div>
      </a>
    </div>
  </div>
</DocumentFragment>
`;

exports[`<OtherUser /> check how renders snapshots should render info about problem with fetching if other user is null 1`] = `
<DocumentFragment>
  <h4
    class="sc-bdfBwQ zzbxL"
  >
    Such user does not exist or problem during fetching occurred
  </h4>
</DocumentFragment>
`;
