// Jest Snapshot v1, https://goo.gl/fbAQLP

exports[`<Heading /> Should render h1 with correct text 1`] = `
<h1
  className="sc-bdfBwQ lctQnF"
>
  h1 heading
</h1>
`;

exports[`<Heading /> Should render h2 with correct text 1`] = `
<h2
  className="sc-bdfBwQ cWdnju"
>
  h2 heading
</h2>
`;

exports[`<Heading /> Should render h3 with correct text 1`] = `
<h3
  className="sc-bdfBwQ hSpIvR"
>
  h3 heading
</h3>
`;

exports[`<Heading /> Should render h4 with correct text 1`] = `
<h4
  className="sc-bdfBwQ csIIrS"
>
  h4 heading
</h4>
`;

exports[`<Heading /> Should render h5 with correct text 1`] = `
<h5
  className="sc-bdfBwQ mWUio"
>
  h5 heading
</h5>
`;

exports[`<Heading /> Should render h6 with correct text 1`] = `
<h6
  className="sc-bdfBwQ mWUio"
>
  h6 heading
</h6>
`;
