// Jest Snapshot v1, https://goo.gl/fbAQLP

exports[`<Heading /> should render h1 with correct text 1`] = `
<h1
  className="sc-bdfBwQ gKWCDV"
>
  h1 heading
</h1>
`;

exports[`<Heading /> should render h2 with correct text 1`] = `
<h2
  className="sc-bdfBwQ boEwJx"
>
  h2 heading
</h2>
`;

exports[`<Heading /> should render h3 with correct text 1`] = `
<h3
  className="sc-bdfBwQ ehronY"
>
  h3 heading
</h3>
`;

exports[`<Heading /> should render h4 with correct text 1`] = `
<h4
  className="sc-bdfBwQ dblZDm"
>
  h4 heading
</h4>
`;

exports[`<Heading /> should render h5 with correct text 1`] = `
<h5
  className="sc-bdfBwQ mWUio"
>
  h5 heading
</h5>
`;

exports[`<Heading /> should render h6 with correct text 1`] = `
<h6
  className="sc-bdfBwQ mWUio"
>
  h6 heading
</h6>
`;
