// Jest Snapshot v1, https://goo.gl/fbAQLP

exports[`<PriceSlider /> check how renders should render everything correctly with default values 1`] = `
<DocumentFragment>
  .c0 {
  position: relative;
}

.c1 {
  -webkit-align-items: center;
  -webkit-box-align: center;
  -ms-flex-align: center;
  align-items: center;
  display: -webkit-box;
  display: -webkit-flex;
  display: -ms-flexbox;
  display: flex;
  -webkit-box-pack: justify;
  -webkit-justify-content: space-between;
  -ms-flex-pack: justify;
  justify-content: space-between;
  margin-bottom: 0.8rem;
  padding-bottom: 0.8rem;
}

.c1 .inputs-gap {
  margin: 0 0.8rem;
}

.c4 {
  height: 1rem;
  margin-top: 0.8rem;
  position: relative;
  z-index: 10;
}

.c4 .input {
  -webkit-appearance: none;
  -moz-appearance: none;
  appearance: none;
  display: inline;
  height: 1rem;
  opacity: 0;
  pointer-events: none;
  position: absolute;
  width: 100%;
  z-index: 10000;
}

.c4 .input::-webkit-slider-thumb {
  -webkit-appearance: none;
  -moz-appearance: none;
  appearance: none;
  border: 0 none;
  border-radius: 0;
  cursor: pointer;
  height: 2.6rem;
  pointer-events: all;
  width: 2.6rem;
}

.c4 .track {
  background-color: #DADFE1;
  border-radius: 5px;
  height: 100%;
  left: 0;
  position: absolute;
  top: 0;
  width: 100%;
  z-index: 10;
}

.c4 .range {
  background-color: #1E8BC3;
  bottom: 0;
  border-radius: 5px;
  left: 0%;
  position: absolute;
  top: 0;
  right: 0%;
  z-index: 100;
}

.c4 .thumb {
  background-color: #FAFAFA;
  border: 2px solid #1E8BC3;
  border-radius: 50%;
  height: 2.6rem;
  position: absolute;
  width: 2.6rem;
  z-index: 1000;
}

.c4 .thumb.left {
  left: 0%;
  -webkit-transform: translate(-0%,-0.8rem);
  -ms-transform: translate(-0%,-0.8rem);
  transform: translate(-0%,-0.8rem);
}

.c4 .thumb.right {
  -webkit-transform: translate(0%,-0.8rem);
  -ms-transform: translate(0%,-0.8rem);
  transform: translate(0%,-0.8rem);
  right: 0%;
}

.c3 {
  background-color: #FAFAFA;
  border: 1px solid #777;
  border-radius: 1px;
  box-sizing: content-box;
  font-size: 1.5rem;
  outline: none;
  padding: 0.8rem 0;
  text-align: center;
  width: 7.2rem;
}

.c3::-webkit-outer-spin-button,
.c3::-webkit-inner-spin-button {
  margin: 0;
  -webkit-appearance: none;
}

.c2 {
  display: inline-block;
  font-style: normal;
  font-weight: normal;
  -webkit-letter-spacing: 0px;
  -moz-letter-spacing: 0px;
  -ms-letter-spacing: 0px;
  letter-spacing: 0px;
  margin-bottom: 0;
  margin-left: 0;
  margin-right: 0;
  overflow: visible;
  text-overflow: clip;
  white-space: normal;
  font-size: 1.5rem;
}

<div
    class="c0"
  >
    <div
      class="c1"
    >
      <span
        class="c2"
        color=""
        display="inline-block"
        overflow="visible"
        size="3"
        spacing="0px"
        transform=""
      >
        Price ($)
      </span>
      <div
        class="inputs"
      >
        <input
          class="c3"
          data-testid="NumberInput-minPrice"
          name="minPrice"
          type="number"
          value="10"
        />
        <span
          class="inputs-gap"
        >
          —
        </span>
        <input
          class="c3"
          data-testid="NumberInput-maxPrice"
          name="maxPrice"
          type="number"
          value="100"
        />
      </div>
    </div>
    <div
      class="c4"
    >
      <input
        class="input min"
        data-testid="PriceSlider-price-range-min"
        max="100"
        min="10"
        name="minPrice"
        step="0.1"
        type="range"
        value="10"
      />
      <input
        class="input max"
        data-testid="PriceSlider-price-range-max"
        max="100"
        min="10"
        name="maxPrice"
        step="0.1"
        type="range"
        value="100"
      />
      <div
        class="track"
      />
      <div
        class="range"
      />
      <div
        class="thumb left"
      />
      <div
        class="thumb right"
      />
    </div>
  </div>
</DocumentFragment>
`;
