// Jest Snapshot v1, https://goo.gl/fbAQLP

exports[`<CartItemAdded /> check how renders should render everything correctly if product is in cart and isCartLoading is false 1`] = `
<DocumentFragment>
  .c0 {
  font-size: 2.4rem;
  font-family: Noto Sans,sans-serif;
  line-height: 1;
  margin-bottom: 2.4rem;
  margin-top: 0;
  text-align: center;
  margin-bottom: 2.4rem;
}

<h3
    class="c0"
  >
    Product added to cart
  </h3>
  .c4 {
  display: inline-block;
  font-style: normal;
  font-weight: normal;
  -webkit-letter-spacing: 0px;
  -moz-letter-spacing: 0px;
  -ms-letter-spacing: 0px;
  letter-spacing: 0px;
  margin-bottom: 0;
  margin-left: 0;
  margin-right: 0;
  overflow: visible;
  text-overflow: clip;
  white-space: normal;
  font-size: 2.2rem;
}

.c5 {
  display: inline-block;
  font-style: normal;
  font-weight: normal;
  -webkit-letter-spacing: 0px;
  -moz-letter-spacing: 0px;
  -ms-letter-spacing: 0px;
  letter-spacing: 0px;
  margin-bottom: 0;
  margin-left: 0;
  margin-right: 0;
  overflow: visible;
  text-overflow: clip;
  white-space: normal;
  font-size: 1.4rem;
}

.c6 {
  display: inline-block;
  font-style: normal;
  font-weight: normal;
  -webkit-letter-spacing: 0px;
  -moz-letter-spacing: 0px;
  -ms-letter-spacing: 0px;
  letter-spacing: 0px;
  margin-bottom: 0;
  margin-left: 0;
  margin-right: 0;
  overflow: visible;
  text-overflow: clip;
  white-space: normal;
  font-size: 1.5rem;
}

.c0 {
  display: -webkit-box;
  display: -webkit-flex;
  display: -ms-flexbox;
  display: flex;
  -webkit-flex-direction: row;
  -ms-flex-direction: row;
  flex-direction: row;
  -webkit-flex-wrap: nowrap;
  -ms-flex-wrap: nowrap;
  flex-wrap: nowrap;
  margin-top: 0;
  margin-right: 0;
  margin-bottom: 0;
  margin-left: 0;
  width: 100%;
}

.c0 > *:not(:last-child) {
  margin-right: 2.4rem;
}

.c1 {
  display: -webkit-box;
  display: -webkit-flex;
  display: -ms-flexbox;
  display: flex;
  -webkit-flex-direction: row;
  -ms-flex-direction: row;
  flex-direction: row;
  -webkit-flex-wrap: nowrap;
  -ms-flex-wrap: nowrap;
  flex-wrap: nowrap;
  -webkit-box-pack: center;
  -webkit-justify-content: center;
  -ms-flex-pack: center;
  justify-content: center;
  margin-top: 0;
  margin-right: 0;
  margin-bottom: 0;
  margin-left: 0;
  width: 8;
  -webkit-box-pack: center;
  -webkit-justify-content: center;
  -ms-flex-pack: center;
  justify-content: center;
  -webkit-align-items: center;
  -webkit-box-align: center;
  -ms-flex-align: center;
  align-items: center;
}

.c1 > *:not(:last-child) {
  margin-right: 0;
}

.c3 {
  display: -webkit-box;
  display: -webkit-flex;
  display: -ms-flexbox;
  display: flex;
  -webkit-flex-direction: column;
  -ms-flex-direction: column;
  flex-direction: column;
  -webkit-flex-wrap: nowrap;
  -ms-flex-wrap: nowrap;
  flex-wrap: nowrap;
  margin-top: 0;
  margin-right: 0;
  margin-bottom: 0;
  margin-left: 0;
  width: 100%;
  -webkit-align-items: start;
  -webkit-box-align: start;
  -ms-flex-align: start;
  align-items: start;
}

.c3 > *:not(:last-child) {
  margin-bottom: 0.8rem;
}

.c2 {
  max-height: 8rem;
  min-width: 8rem;
  width: 8rem;
}

.c2 img {
  max-height: 8rem;
  max-width: 8rem;
  object-fit: cover;
}

<div
    class="c0"
    direction="row"
    spacing="3"
    width="100%"
    wrap="nowrap"
  >
    <div
      class="c1 c2"
      data-testid="ProductThumbnail"
      direction="row"
      height="8"
      spacing=""
      width="8"
      wrap="nowrap"
    >
      <img
        alt="product1"
        data-testid="ProductThumbnail-img"
        src="http://192.168.1.109:4000/products/p1/photo"
      />
    </div>
    <div
      class="c3"
      direction="column"
      spacing="1"
      width="100%"
      wrap="nowrap"
    >
      <span
        class="c4"
        color=""
        display="inline-block"
        overflow="visible"
        size="5"
        spacing="0px"
        transform=""
      >
        $1,501.80
        <span
          class="c5"
          color=""
          display="inline-block"
          overflow="visible"
          size="2"
          spacing="0px"
          transform=""
        >
           (total in the cart 3 x $500.60)
        </span>
      </span>
      <span
        class="c6"
        color=""
        display="inline-block"
        overflow="visible"
        size="3"
        spacing="0px"
        transform=""
      >
        <span
          class="c5"
          color=""
          display="inline-block"
          overflow="visible"
          size="2"
          spacing="0px"
          transform=""
        >
          3 x
        </span>
         product1
      </span>
    </div>
  </div>
  .c1 {
  box-shadow: 0 0 3px rgba(0,0,0,0.03);
  border-radius: 1px;
  cursor: pointer;
  font-size: 1.4rem;
  font-weight: 700;
  line-height: 1.2;
  -webkit-letter-spacing: 2px;
  -moz-letter-spacing: 2px;
  -ms-letter-spacing: 2px;
  letter-spacing: 2px;
  outline: none;
  padding: 0.8rem 1.2rem;
  position: relative;
  text-align: center;
  text-transform: uppercase;
  -webkit-transition: all 0.1s;
  transition: all 0.1s;
  background-color: transparent;
  border: 2px solid #1E8BC3;
  color: #1E8BC3;
}

.c1:hover {
  border-color: #22A7F0;
  color: #22A7F0;
}

.c2 {
  box-shadow: 0 0 3px rgba(0,0,0,0.03);
  border-radius: 1px;
  cursor: pointer;
  font-size: 1.4rem;
  font-weight: 700;
  line-height: 1.2;
  -webkit-letter-spacing: 2px;
  -moz-letter-spacing: 2px;
  -ms-letter-spacing: 2px;
  letter-spacing: 2px;
  outline: none;
  padding: 0.8rem 1.2rem;
  position: relative;
  text-align: center;
  text-transform: uppercase;
  -webkit-transition: all 0.1s;
  transition: all 0.1s;
  background-color: #1E8BC3;
  border: 2px solid #1E8BC3;
  color: #fff;
}

.c2:hover {
  background-color: #22A7F0;
  border-color: #22A7F0;
}

.c0 {
  display: -webkit-box;
  display: -webkit-flex;
  display: -ms-flexbox;
  display: flex;
  -webkit-flex-direction: row;
  -ms-flex-direction: row;
  flex-direction: row;
  -webkit-flex-wrap: nowrap;
  -ms-flex-wrap: nowrap;
  flex-wrap: nowrap;
  -webkit-box-pack: center;
  -webkit-justify-content: center;
  -ms-flex-pack: center;
  justify-content: center;
  margin-top: 2.4rem;
  margin-right: 0;
  margin-bottom: 0;
  margin-left: 0;
  width: 100%;
  -webkit-box-pack: center;
  -webkit-justify-content: center;
  -ms-flex-pack: center;
  justify-content: center;
}

.c0 > *:not(:last-child) {
  margin-right: 2.4rem;
}

<div
    class="c0"
    direction="row"
    spacing="3"
    width="100%"
    wrap="nowrap"
  >
    <button
      class="c1"
      color="blue"
      type="button"
    >
      Continue shopping
    </button>
    <a>
      <button
        class="c2"
        color="blue"
        type="button"
      >
        Go to cart
      </button>
    </a>
  </div>
</DocumentFragment>
`;

exports[`<CartItemAdded /> check how renders should render only <Loader /> if given product is not in cart 1`] = `
<DocumentFragment>
  .c0 {
  display: inline-block;
  position: relative;
  width: 4rem;
  height: 4rem;
}

.c0 > div {
  box-sizing: border-box;
  display: block;
  position: absolute;
  border-radius: 50%;
  -webkit-animation: rotate 1.2s cubic-bezier(0.5,0,0.5,1) infinite;
  animation: rotate 1.2s cubic-bezier(0.5,0,0.5,1) infinite;
  width: 4rem;
  height: 4rem;
  border: 0.5rem solid #1E8BC3;
  border-color: #1E8BC3 transparent transparent transparent;
}

.c0 > div:nth-child(1) {
  -webkit-animation-delay: -0.45s;
  animation-delay: -0.45s;
}

.c0 > div:nth-child(2) {
  -webkit-animation-delay: -0.3s;
  animation-delay: -0.3s;
}

.c0 > div:nth-child(3) {
  -webkit-animation-delay: -0.15s;
  animation-delay: -0.15s;
}

<div
    class="c0"
    data-testid="Loader"
  >
    <div />
    <div />
    <div />
    <div />
  </div>
</DocumentFragment>
`;

exports[`<CartItemAdded /> check how renders should render only <Loader /> if isCartLoading is true 1`] = `
<DocumentFragment>
  .c0 {
  display: inline-block;
  position: relative;
  width: 4rem;
  height: 4rem;
}

.c0 > div {
  box-sizing: border-box;
  display: block;
  position: absolute;
  border-radius: 50%;
  -webkit-animation: rotate 1.2s cubic-bezier(0.5,0,0.5,1) infinite;
  animation: rotate 1.2s cubic-bezier(0.5,0,0.5,1) infinite;
  width: 4rem;
  height: 4rem;
  border: 0.5rem solid #1E8BC3;
  border-color: #1E8BC3 transparent transparent transparent;
}

.c0 > div:nth-child(1) {
  -webkit-animation-delay: -0.45s;
  animation-delay: -0.45s;
}

.c0 > div:nth-child(2) {
  -webkit-animation-delay: -0.3s;
  animation-delay: -0.3s;
}

.c0 > div:nth-child(3) {
  -webkit-animation-delay: -0.15s;
  animation-delay: -0.15s;
}

<div
    class="c0"
    data-testid="Loader"
  >
    <div />
    <div />
    <div />
    <div />
  </div>
</DocumentFragment>
`;
