// Jest Snapshot v1, https://goo.gl/fbAQLP

exports[`<CartItem /> Checks how renders should render everything correctly 1`] = `
<DocumentFragment>
  <div
    class="sc-bdfBwQ SZA-Dk"
    data-testid="CartItem"
  >
    <div
      class="photo-and-name"
    >
      <a
        data-testid="CartItem-product-link-photo"
      >
        <div
          class="sc-jSgupP iTeoXz sc-gKsewC jmxKKO"
          data-testid="ProductThumbnail"
          direction="row"
          height="7"
          spacing=""
          width="7"
          wrap="nowrap"
        >
          <img
            alt="productName"
            data-testid="ProductThumbnail-img"
            src="http://192.168.1.109:4000/products/p1/photo"
          />
        </div>
      </a>
      <span
        class="name"
      >
        <a
          data-testid="CartItem-product-link-name"
        >
          productName
        </a>
      </span>
    </div>
    <div
      class="mobile-lower-row"
    >
      <div
        class="choose-quantity-box"
      >
        <div
          class="sc-hKgILt dhKALD"
        >
          <button
            class="button minus"
            data-testid="ChooseQuantity-minus-btn"
            type="button"
          >
            <div
              class="sc-dlfnbm lebiLC"
              color=""
              data-testid="ChooseQuantity-minus-icon"
            >
              <svg>
                minus.svg
              </svg>
            </div>
          </button>
          <input
            class="sc-gsTCUz gxcxjW"
            data-testid="NumberInput-quantity"
            name="quantity"
            type="number"
            value="5"
          />
          <button
            class="button plus"
            data-testid="ChooseQuantity-plus-btn"
            type="button"
          >
            <div
              class="sc-dlfnbm lebiLC"
              color=""
              data-testid="ChooseQuantity-plus-icon"
            >
              <svg>
                plus.svg
              </svg>
            </div>
          </button>
        </div>
        <span
          class="sc-eCssSg csvHNO"
          color=""
          data-testid="CartItem-available-quantity"
          display="inline-block"
          overflow="visible"
          size="2"
          spacing="0px"
          transform=""
        >
          of 6
        </span>
      </div>
      <div
        class="price-box"
      >
        <span
          class="sc-eCssSg csGgAf"
          color=""
          display="inline-block"
          overflow="visible"
          size="5"
          spacing="0px"
          transform=""
        >
          $1,499.90
        </span>
        <span
          class="sc-eCssSg eAuHqK"
          color=""
          data-testid="CartItem-price-per-piece"
          display="inline-block"
          overflow="visible"
          size="2"
          spacing="0px"
          transform=""
        >
          per piece $299.98
        </span>
      </div>
    </div>
    <div
      class="sc-dlfnbm cGwLef remove-icon"
      color="#F22613"
    >
      <svg>
        trash.svg
      </svg>
    </div>
  </div>
</DocumentFragment>
`;
