// Jest Snapshot v1, https://goo.gl/fbAQLP

exports[`<ProductDetails /> check how renders snapshots should render everything correctly if user is a product's owner 1`] = `
<DocumentFragment>
  <section
    class="sc-hKgILt khuidQ"
  >
    <div
      class="sc-bdfBwQ gCcBPw"
    >
      <div
        class="sc-gKsewC grchUv"
      >
        <section
          class="photo-section"
        >
          <img
            alt="Test name"
            class="photo"
            src="http://192.168.1.109:4000/products/123/photo"
          />
        </section>
        <section
          class="data-section"
        >
          <h4
            class="sc-jSgupP fBwtht"
          >
            Test name
          </h4>
          <span
            class="sc-eCssSg fQZWAK"
            color=""
            display="inline-block"
            overflow="visible"
            size="2"
            spacing="0px"
            transform=""
          >
            <span
              class="sc-eCssSg htYuXx"
              color="#777"
              display="inline-block"
              overflow="visible"
              spacing="0px"
              transform=""
            >
              from 
            </span>
            <a
              data-testid="ProductDetails-seller-link"
            >
              <span
                class="sc-crrsfI raIio"
              >
                user1
              </span>
            </a>
          </span>
          <span
            class="sc-eCssSg hvnVVm"
            color=""
            display="inline-block"
            overflow="visible"
            size="2"
            spacing="0px"
            transform=""
          >
            <span
              class="sc-eCssSg htYuXx"
              color="#777"
              display="inline-block"
              overflow="visible"
              spacing="0px"
              transform=""
            >
              Condition:
            </span>
             Not applicable
          </span>
          <span
            class="sc-eCssSg dhXeim"
            color=""
            display="inline-block"
            overflow="visible"
            size="6"
            spacing="1px"
            transform=""
          >
            $2.50
          </span>
          <span
            class="sc-eCssSg kdypsQ"
            color="#777"
            data-testid="ProductDetails-quantity-sold"
            display="inline-block"
            overflow="visible"
            size="2"
            spacing="0px"
            transform=""
          >
            1 person bought 1 unit
          </span>
          <div
            class="sc-iBPRYJ bSwQKI"
          >
            <span
              class="sc-eCssSg hvnVVm"
              color=""
              display="inline-block"
              overflow="visible"
              size="2"
              spacing="0px"
              transform=""
            >
              Quantity: 5
            </span>
            <h4
              class="sc-jSgupP egbdUf"
            >
              You are the seller of this product
            </h4>
          </div>
        </section>
      </div>
      <section
        data-testid="ProductDetails-full-description"
      >
        <h4
          class="sc-jSgupP rDDnt"
        >
          Description
        </h4>
        <span
          class="sc-eCssSg fwWRxg"
          color=""
          display="inline-block"
          overflow="visible"
          size="3"
          spacing="0px"
          transform=""
        >
          testDescription
        </span>
      </section>
      <div
        class="sc-bqyKva ilUIsn"
        direction="row"
        spacing="3"
        width="100%"
        wrap="nowrap"
      >
        <button
          class="sc-fubCfw dRdrbt"
          color="blue"
          data-testid="ProductDetails-edit-button"
          type="button"
        >
          Edit offer
        </button>
        <button
          class="sc-fubCfw kqjmIV"
          color="red"
          data-testid="ProductDetails-delete-button"
          type="button"
        >
          Delete offer
        </button>
      </div>
    </div>
  </section>
</DocumentFragment>
`;

exports[`<ProductDetails /> check how renders snapshots should render only <Loader /> if productDetails is undefined 1`] = `
<DocumentFragment>
  <div
    class="sc-gsTCUz hXYaBQ"
    data-testid="LoaderWrapper"
  >
    <div
      class="sc-dlfnbm hmovIr"
      data-testid="Loader"
    >
      <div />
      <div />
      <div />
      <div />
    </div>
  </div>
</DocumentFragment>
`;

exports[`<ProductDetails /> check how renders snapshots should render only info that there is a problem to fetch product details 1`] = `
<DocumentFragment>
  <h4
    class="sc-jSgupP tQsGo"
  >
    Such product does not exist or has already been sold
  </h4>
</DocumentFragment>
`;
