// Jest Snapshot v1, https://goo.gl/fbAQLP

exports[`<DeleteProduct /> check how renders should render everything correctly if isCartLoading is false 1`] = `
<DocumentFragment>
  <h4
    class="sc-jSgupP iNcWer"
  >
    Are you sure to delete "Wellingtons"?
  </h4>
  <div
    class="sc-gKsewC jZYkID"
    direction="row"
    spacing="3"
    width="100%"
    wrap="nowrap"
  >
    <button
      class="sc-bdfBwQ lfryQi"
      color="blue"
      type="button"
    >
      Cancel
    </button>
    <button
      class="sc-bdfBwQ kbgsaW"
      color="red"
      type="button"
    >
      Delete
    </button>
  </div>
</DocumentFragment>
`;
