// Jest Snapshot v1, https://goo.gl/fbAQLP

exports[`<MessageBox /> check how renders should NOT render anything if message is empty 1`] = `<DocumentFragment />`;

exports[`<MessageBox /> check how renders should render everything correctly if message is NOT empty 1`] = `
<DocumentFragment>
  <div
    class="sc-gsTCUz bCTrL"
    data-testid="MessageBox"
  >
    <div
      class="sc-dlfnbm jxlYsy"
      style="pointer-events: none; transform: translateY(-200%) translateZ(0);"
    >
      <span>
        test message
      </span>
      <div
        class="sc-bdfBwQ kEdXJo close-icon"
        color="#fff"
        data-testid="MessageBox-close-icon"
      >
        <svg>
          plus.svg
        </svg>
      </div>
    </div>
  </div>
</DocumentFragment>
`;
