// Jest Snapshot v1, https://goo.gl/fbAQLP

exports[`<DeliveryAddress /> should render five <PlainText /> with correct values 1`] = `
<DocumentFragment>
  .c0 {
  display: -webkit-box;
  display: -webkit-flex;
  display: -ms-flexbox;
  display: flex;
  -webkit-flex-direction: column;
  -ms-flex-direction: column;
  flex-direction: column;
  -webkit-flex-wrap: nowrap;
  -ms-flex-wrap: nowrap;
  flex-wrap: nowrap;
  margin-top: 0;
  margin-right: 0;
  margin-bottom: 0;
  margin-left: 0;
  width: 100%;
}

.c0 > *:not(:last-child) {
  margin-bottom: 0.8rem;
}

.c1 {
  display: inline-block;
  font-style: normal;
  font-weight: normal;
  -webkit-letter-spacing: 0px;
  -moz-letter-spacing: 0px;
  -ms-letter-spacing: 0px;
  letter-spacing: 0px;
  margin-bottom: 0;
  margin-left: 0;
  margin-right: 0;
  overflow: visible;
  text-overflow: clip;
  white-space: normal;
  word-break: break-all;
  font-size: 1.5rem;
}

<div
    class="c0"
    direction="column"
    spacing="1"
    width="100%"
    wrap="nowrap"
  >
    <span
      class="c1"
      color=""
      display="inline-block"
      overflow="visible"
      size="3"
      spacing="0px"
      transform=""
    >
      firstName lastName
    </span>
    <span
      class="c1"
      color=""
      display="inline-block"
      overflow="visible"
      size="3"
      spacing="0px"
      transform=""
    >
      street
    </span>
    <span
      class="c1"
      color=""
      display="inline-block"
      overflow="visible"
      size="3"
      spacing="0px"
      transform=""
    >
      zipCode city
    </span>
    <span
      class="c1"
      color=""
      display="inline-block"
      overflow="visible"
      size="3"
      spacing="0px"
      transform=""
    >
      country
    </span>
    <span
      class="c1"
      color=""
      display="inline-block"
      overflow="visible"
      size="3"
      spacing="0px"
      transform=""
    >
      phone
    </span>
  </div>
</DocumentFragment>
`;
