// Jest Snapshot v1, https://goo.gl/fbAQLP

exports[`<DeliveryAddress /> Should render five <PlainText /> with correct values 1`] = `
<FlexWrapper
  align=""
  direction="column"
  flex=""
  justify=""
  mgBottom=""
  mgLeft=""
  mgRight=""
  mgTop=""
  spacing="1"
  width="100%"
  wrap="nowrap"
>
  <PlainText
    alignSelf=""
    color=""
    display="inline-block"
    extraMgTop="0rem"
    fStyle="normal"
    key="0"
    lineHeight="level3"
    maxWidth=""
    mgBottom=""
    mgLeft=""
    mgRight=""
    mgTop=""
    minusMgTop={false}
    overflow="visible"
    size="3"
    spacing="0px"
    textAlign=""
    textOverflow="clip"
    transform=""
    weight="normal"
    whiteSpace="normal"
    wordBreak="break-all"
  >
    firstName lastName
  </PlainText>
  <PlainText
    alignSelf=""
    color=""
    display="inline-block"
    extraMgTop="0rem"
    fStyle="normal"
    key="1"
    lineHeight="level3"
    maxWidth=""
    mgBottom=""
    mgLeft=""
    mgRight=""
    mgTop=""
    minusMgTop={false}
    overflow="visible"
    size="3"
    spacing="0px"
    textAlign=""
    textOverflow="clip"
    transform=""
    weight="normal"
    whiteSpace="normal"
    wordBreak="break-all"
  >
    street
  </PlainText>
  <PlainText
    alignSelf=""
    color=""
    display="inline-block"
    extraMgTop="0rem"
    fStyle="normal"
    key="2"
    lineHeight="level3"
    maxWidth=""
    mgBottom=""
    mgLeft=""
    mgRight=""
    mgTop=""
    minusMgTop={false}
    overflow="visible"
    size="3"
    spacing="0px"
    textAlign=""
    textOverflow="clip"
    transform=""
    weight="normal"
    whiteSpace="normal"
    wordBreak="break-all"
  >
    zipCode city
  </PlainText>
  <PlainText
    alignSelf=""
    color=""
    display="inline-block"
    extraMgTop="0rem"
    fStyle="normal"
    key="3"
    lineHeight="level3"
    maxWidth=""
    mgBottom=""
    mgLeft=""
    mgRight=""
    mgTop=""
    minusMgTop={false}
    overflow="visible"
    size="3"
    spacing="0px"
    textAlign=""
    textOverflow="clip"
    transform=""
    weight="normal"
    whiteSpace="normal"
    wordBreak="break-all"
  >
    country
  </PlainText>
  <PlainText
    alignSelf=""
    color=""
    display="inline-block"
    extraMgTop="0rem"
    fStyle="normal"
    key="4"
    lineHeight="level3"
    maxWidth=""
    mgBottom=""
    mgLeft=""
    mgRight=""
    mgTop=""
    minusMgTop={false}
    overflow="visible"
    size="3"
    spacing="0px"
    textAlign=""
    textOverflow="clip"
    transform=""
    weight="normal"
    whiteSpace="normal"
    wordBreak="break-all"
  >
    phone
  </PlainText>
</FlexWrapper>
`;
