// Jest Snapshot v1, https://goo.gl/fbAQLP

exports[`<App /> check how renders should render error if we do NOT wait for setting token in useEffect() 1`] = `
<DocumentFragment>
  <div
    class="sc-bdfBwQ eOqngX sc-dlfnbm eTsFig"
    direction="column"
    spacing="3"
    width="100%"
    wrap="nowrap"
  >
    <h3
      class="sc-gsTCUz djuqLc"
    >
      Oops! Server connection error. Please try again later
    </h3>
    <svg>
      server-connection-error.svg
    </svg>
  </div>
</DocumentFragment>
`;

exports[`<App /> check how renders should render loading screen 1`] = `
<DocumentFragment>
  <div
    class="sc-bdfBwQ cjjnhZ"
    direction="row"
    spacing=""
    width="100%"
    wrap="nowrap"
  >
    <div
      class="sc-fubCfw fMrswq"
      data-testid="Loader"
    >
      <div />
      <div />
      <div />
      <div />
    </div>
  </div>
</DocumentFragment>
`;

exports[`<App /> check how renders should render version for user with active status 1`] = `
<DocumentFragment>
  <header
    class="sc-cxFLnm cQfXKT"
  >
    <a
      data-testid="Navbar-header-link"
    >
      <header
        class="header"
      >
        <img
          alt="E-Shopping"
          class="logo"
          src="logo.png"
        />
        <h1
          class="sc-gsTCUz gJcZNp heading"
        >
          shopping
        </h1>
      </header>
    </a>
    <form
      class="sc-lmoMRL gBeYlb"
    >
      <input
        autocomplete="off"
        class="name-input"
        data-testid="SearchForm-input"
        maxlength="150"
        name="product"
        spellcheck="false"
        type="text"
        value=""
      />
      <button
        class="sc-iqHYGH gOVxBz"
        color="blue"
        type="submit"
      >
        search
      </button>
    </form>
    <nav
      class="sc-bYEvPH hgIkpO"
    >
      <a
        class="sc-giIncl dFcXOK"
        data-testid="CartLink"
      >
        <div
          class="sc-gKsewC hVxNCb"
          color=""
        >
          <svg>
            cart.svg
          </svg>
        </div>
      </a>
      <div
        class="sc-kLgntA pdYFA"
        data-testid="LoggedInLinks-user-box"
        id="user"
      >
        <span
          class="sc-pFZIQ hXcRvk"
          color=""
          display="inline-block"
          overflow="hidden"
          size="3"
          spacing="0px"
          transform=""
        >
          username
        </span>
        <div
          class="sc-gKsewC jOOOFV"
          color=""
        >
          <svg>
            arrow.svg
          </svg>
        </div>
        <div />
      </div>
    </nav>
  </header>
  <main
    class="sc-iktFzd hBgZGv"
    data-testid="App-user-active"
  />
  <footer
    class="sc-jJEJSO edZpJL"
  >
    <span
      class="sc-pFZIQ cMioVI"
      color=""
      display="inline-block"
      overflow="visible"
      size="2"
      spacing="0px"
      transform=""
    >
      © 2021 Radosław Mikrut. All rights reserved
    </span>
    <div
      class="sc-bdfBwQ ewPRqt"
      direction="row"
      spacing="3"
      width="100%"
      wrap="nowrap"
    >
      <a
        class="social-link"
        href="https://www.linkedin.com/in/rados%C5%82aw-mikrut-a8600b198/"
        rel="noopener noreferrer"
        target="_blank"
      >
        <div
          class="sc-gKsewC eyrKKr"
          color=""
        >
          <svg>
            linkedin.svg
          </svg>
        </div>
      </a>
      <a
        class="social-link"
        href="mailto:radoslawmikrut@wp.pl"
        rel="noopener noreferrer"
      >
        <div
          class="sc-gKsewC eyrKKr"
          color=""
        >
          <svg>
            email.svg
          </svg>
        </div>
        <span
          class="sc-pFZIQ dttXYn"
          color=""
          display="inline-block"
          overflow="visible"
          size="1"
          spacing="0px"
          transform=""
        >
          radoslawmikrut@wp.pl
        </span>
      </a>
    </div>
    <span
      class="about-website"
      role="button"
      tabindex="0"
    >
      About website
    </span>
  </footer>
</DocumentFragment>
`;
