// Jest Snapshot v1, https://goo.gl/fbAQLP

exports[`<DeliveryAddressSection /> Should render everything correctly with default delivery address 1`] = `
<DocumentFragment>
  <section
    class="sc-bdfBwQ dIpFeA"
    data-testid="DeliveryAddressSection"
  >
    <div
      class="sc-iBPRYJ eqhcQM"
      direction="column"
      spacing="3"
      width="100%"
      wrap="nowrap"
    >
      <h4
        class="sc-gsTCUz bOFEQG"
      >
        Delivery address
      </h4>
      <div
        class="sc-iBPRYJ buxrix"
        direction="column"
        spacing="1"
        width="100%"
        wrap="nowrap"
      >
        <span
          class="sc-jSgupP hmeBsg"
          color=""
          display="inline-block"
          overflow="visible"
          size="3"
          spacing="0px"
          transform=""
        >
          firstName lastName
        </span>
        <span
          class="sc-jSgupP hmeBsg"
          color=""
          display="inline-block"
          overflow="visible"
          size="3"
          spacing="0px"
          transform=""
        >
          street
        </span>
        <span
          class="sc-jSgupP hmeBsg"
          color=""
          display="inline-block"
          overflow="visible"
          size="3"
          spacing="0px"
          transform=""
        >
          zipCode city
        </span>
        <span
          class="sc-jSgupP hmeBsg"
          color=""
          display="inline-block"
          overflow="visible"
          size="3"
          spacing="0px"
          transform=""
        >
          country
        </span>
        <span
          class="sc-jSgupP hmeBsg"
          color=""
          display="inline-block"
          overflow="visible"
          size="3"
          spacing="0px"
          transform=""
        >
          phone
        </span>
      </div>
      <button
        class="sc-dlfnbm jWXPSS"
        color="blue"
        type="button"
      >
        Change address
      </button>
    </div>
  </section>
</DocumentFragment>
`;
