// Jest Snapshot v1, https://goo.gl/fbAQLP

exports[`<DeliveryAddressSection /> should render everything correctly with default delivery address 1`] = `
<DocumentFragment>
  .c0 {
  background-color: #FAFAFA;
  padding: 2.4rem;
  width: 100%;
}

.c2 {
  font-size: 1.7rem;
  line-height: 1;
  margin-top: 0;
  text-align: left;
}

.c5 {
  box-shadow: 0 0 3px rgba(0, 0, 0, 0.03);
  border-radius: 1px;
  cursor: pointer;
  font-weight: 700;
  line-height: 1.2;
  letter-spacing: 2px;
  outline: none;
  position: relative;
  text-align: center;
  text-transform: uppercase;
  transition: all 0.1s;
  font-size: 1.4rem;
  padding: 0.8rem 1.2rem;
  background-color: transparent;
  border: 2px solid #1E8BC3;
  color: #1E8BC3;
}

.c5:hover {
  border-color: #22A7F0;
  color: #22A7F0;
}

.c4 {
  display: inline-block;
  font-style: normal;
  font-weight: normal;
  letter-spacing: 0px;
  margin-bottom: 0;
  margin-left: 0;
  margin-right: 0;
  overflow: visible;
  text-overflow: clip;
  white-space: normal;
  word-break: break-all;
  font-size: 1.5rem;
}

.c1 {
  display: flex;
  flex-direction: column;
  flex-wrap: nowrap;
  margin-top: 0;
  margin-right: 0;
  margin-bottom: 0;
  margin-left: 0;
  width: 100%;
  align-items: start;
}

.c1>*:not(:last-child) {
  margin-bottom: 2.4rem;
}

.c3 {
  display: flex;
  flex-direction: column;
  flex-wrap: nowrap;
  margin-top: 0;
  margin-right: 0;
  margin-bottom: 0;
  margin-left: 0;
  width: 100%;
}

.c3>*:not(:last-child) {
  margin-bottom: 0.8rem;
}

@media only screen and (max-width: 56.25em) {
  .c0 {
    padding: 2.4rem 1.2rem;
  }
}

<section
    class="c0"
    data-testid="DeliveryAddressSection"
  >
    <div
      class="c1"
    >
      <h4
        class="c2"
      >
        Delivery address
      </h4>
      <div
        class="c3"
      >
        <span
          class="c4"
        >
          firstName lastName
        </span>
        <span
          class="c4"
        >
          street
        </span>
        <span
          class="c4"
        >
          zipCode city
        </span>
        <span
          class="c4"
        >
          country
        </span>
        <span
          class="c4"
        >
          phone
        </span>
      </div>
      <button
        class="c5"
        type="button"
      >
        Change address
      </button>
    </div>
  </section>
</DocumentFragment>
`;
