// Jest Snapshot v1, https://goo.gl/fbAQLP

exports[`<LoadingOverlay /> check how renders should render correctly without info 1`] = `
<DocumentFragment>
  .c1 {
  display: inline-block;
  position: relative;
  width: 4rem;
  height: 4rem;
}

.c1 > div {
  box-sizing: border-box;
  display: block;
  position: absolute;
  border-radius: 50%;
  -webkit-animation: rotate 1.2s cubic-bezier(0.5,0,0.5,1) infinite;
  animation: rotate 1.2s cubic-bezier(0.5,0,0.5,1) infinite;
  width: 4rem;
  height: 4rem;
  border: 0.5rem solid #1E8BC3;
  border-color: #1E8BC3 transparent transparent transparent;
}

.c1 > div:nth-child(1) {
  -webkit-animation-delay: -0.45s;
  animation-delay: -0.45s;
}

.c1 > div:nth-child(2) {
  -webkit-animation-delay: -0.3s;
  animation-delay: -0.3s;
}

.c1 > div:nth-child(3) {
  -webkit-animation-delay: -0.15s;
  animation-delay: -0.15s;
}

.c0 {
  -webkit-align-items: center;
  -webkit-box-align: center;
  -ms-flex-align: center;
  align-items: center;
  background-color: #FAFAFA88;
  display: -webkit-box;
  display: -webkit-flex;
  display: -ms-flexbox;
  display: flex;
  -webkit-flex-direction: column;
  -ms-flex-direction: column;
  flex-direction: column;
  height: 100%;
  -webkit-box-pack: center;
  -webkit-justify-content: center;
  -ms-flex-pack: center;
  justify-content: center;
  justify-items: center;
  left: 0;
  position: absolute;
  top: 0;
  width: 100%;
  z-index: 10;
}

<div
    class="c0"
    data-testid="LoadingOverlay"
  >
    <div
      class="c1"
      data-testid="Loader"
    >
      <div />
      <div />
      <div />
      <div />
    </div>
  </div>
</DocumentFragment>
`;
