// Jest Snapshot v1, https://goo.gl/fbAQLP

exports[`<LoadingOverlay /> Check how renders should render correctly without info 1`] = `
<DocumentFragment>
  <div
    class="sc-hKgILt kaHYlz"
    data-testid="LoadingOverlay"
  >
    <div
      class="sc-gsTCUz Ckrks"
      data-testid="Loader"
    >
      <div />
      <div />
      <div />
      <div />
    </div>
  </div>
</DocumentFragment>
`;
