// Jest Snapshot v1, https://goo.gl/fbAQLP

exports[`<LoadingOverlay /> Should render correctly without info 1`] = `
<DocumentFragment>
  <div
    class="sc-AxhCb gckTXc"
    data-testid="LoadingOverlay"
  >
    <div
      class="sc-AxirZ dkLCve"
      data-testid="Loader"
    >
      <div />
      <div />
      <div />
      <div />
    </div>
  </div>
</DocumentFragment>
`;
